Freescale Semiconductor DSP56300 Assembler  Version 6.3.28   11-01-28  15:24:53  FWupdate.asm  Page 1



1                          ;**************************************************************************
2                          ;   FWupdate.ASM - routine to update firmware in flash
3                          ;
4                          ;   1/2011 : version 1.0 For 56309 and ATMEL AT29LV020
5                          ;
6                          ;   Robin Dykstra
7                          ;
8                          ;
9                          ;   Load *.P into Y:$10000
10                         ;   Load *.x into Y:$12000
11                         ;   Load program FWupdate.p into P:$2000 then execute
12                         ;
13                         ;
14                         ;**************************************************************************
618                        ;*************************************************************************
619    
620       P:002000                   org     p:$002000
621    
622       P:002000 605E00            move              r0,x:(r6)+              ;Save registers
623       P:002001 615E00            move              r1,x:(r6)+
624       P:002002 625E00            move              r2,x:(r6)+
625       P:002003 635E00            move              r3,x:(r6)+
626       P:002004 445E00            move              x0,x:(r6)+
627       P:002005 505E00            move              a0,x:(r6)+
628       P:002006 545E00            move              a1,x:(r6)+
629       P:002007 525E00            move              a2,x:(r6)+
630       P:002008 515E00            move              b0,x:(r6)+
631       P:002009 555E00            move              b1,x:(r6)+
632       P:00200A 535E00            move              b2,x:(r6)+
633    
634                        ;----- compute the number of program mem sectors to write/read
635    
636       P:00200B 60F400            move              #$2000,r0               ; Size of program space to load into flash
                   002000
637       P:00200D 61F400            move              #$1000,r1               ; size of x space to load into flash
                   001000
638    
639       P:00200F 44F400            move              #>84,x0
                   000054
640       P:002011 220E1B            clr     b         r0,a
641                        _cmppsec
642       P:002012 000009            inc     b
643       P:002013 200044            sub     x0,a
644       P:002014 0577DE            bgt     _cmppsec
645       P:002015 077089            move              b0,p:PNUM_SEC
                   0020CC
646    
647                        ;----- compute the number of x data mem sectors to write/read
648    
649       P:002017 44F400            move              #>84,x0
                   000054
Freescale Semiconductor DSP56300 Assembler  Version 6.3.28   11-01-28  15:24:53  FWupdate.asm  Page 2



650       P:002019 222E1B            clr     b         r1,a
651                        _cmpxsec
652       P:00201A 000009            inc     b
653       P:00201B 200044            sub     x0,a
654       P:00201C 0577DE            bgt     _cmpxsec
655       P:00201D 077089            move              b0,p:XNUM_SEC
                   0020CD
656    
657                        ;-------------------------------------------------------------------------
658                        ;  Initialize the loader code with the size of the user's code and
659                        ;  the address of the user's code.   Then write the loader routine
660                        ;  into the boot sector (the 1st 256-bytes) of the FLASH.
661                        ;-----
662       P:00201F 60F400            move              #BOOT,r0                ; first DSP address to save
                   002086
663       P:002021 62F400            move              #$D00000,r2             ; first address of FLASH
                   D00000
664       P:002023 05081F            bsr     <WRP_FLASH                        ; put boot sector in flash
665                        ;--- boot sector written
666    
667                        ;-------------------------------------------------------------------------
668                        ;  write the program mem code into the FLASH.
669                        ;-----
670       P:002024 62F400            move              #$D00200,r2             ; user's code begins at flash address $200
                   D00200
671       P:002026 60F400            move              #$10000,r0              ; start of memory (stored in external ram)
                   010000
672       P:002028 07F093            move              p:PNUM_SEC,r3           ; the number of sectors to write
                   0020CC
673    
674       P:00202A 06D310            dor     r3,_wrpsec
                   000003
675       P:00202C 050854            bsr     <WRY_FLASH                        ; WRP_FLASH loads 84 words each time
676       P:00202D 000000            nop
677                        _wrpsec
678    
679    
680                        ;----- user code written
681    
682                        ;-------------------------------------------------------------------------
683                        ;  write the x mem data into the FLASH.
684                        ;-----
685       P:00202E 60F400            move              #$12000,r0              ; start of x data
                   012000
686       P:002030 07F093            move              p:XNUM_SEC,r3           ; the number of sectors to write
                   0020CD
687    
688       P:002032 06D310            dor     r3,_wrxsec
                   000003
689       P:002034 05084C            bsr     <WRY_FLASH                        ; WRY_FLASH loads 84 words each time
690       P:002035 000000            nop
Freescale Semiconductor DSP56300 Assembler  Version 6.3.28   11-01-28  15:24:53  FWupdate.asm  Page 3



691                        _wrxsec
692    
693    
694                        ;----- user code and data written
695    
696       P:002036 53FE00            move              x:-(r6),b2              ; Restore registers
697       P:002037 55FE00            move              x:-(r6),b1
698       P:002038 51FE00            move              x:-(r6),b0
699       P:002039 52FE00            move              x:-(r6),a2
700       P:00203A 54FE00            move              x:-(r6),a1
701       P:00203B 50FE00            move              x:-(r6),a0
702       P:00203C 44FE00            move              x:-(r6),x0
703       P:00203D 63FE00            move              x:-(r6),r3
704       P:00203E 62FE00            move              x:-(r6),r2
705       P:00203F 61FE00            move              x:-(r6),r1
706       P:002040 60FE00            move              x:-(r6),r0
707       P:002041 00000C            rts
708    
709                        ;************************************************************************
710                        ;   WRP_FLASH
711                        ;   This routine writes one 256-byte FLASH sector.
712                        ;   Each sector will contain 84 (24-bit) words from DSP RAM (252 bytes)
713                        ;   The last 4 bytes contain a 16-bit checksum of the data
714                        ;   followed by two blank bytes.
715                        ;
716                        ;   enter with:  r2 pointing to starting PEROM Byte Address from 56309 p.o.v.
717                        ;                r0 pointing to first DSP word to save
718                        ;
719                        ;   corrupts:    r0 - points to next P:memory location to save
720                        ;                r2 - points to next P:FLASH byte address to write
721                        ;                a,b,x0
722                        ;-----------------------------------------------------------------------------
723    
724                        WRP_FLASH
725       P:002042 20001B            clr     b                                 ;initialize checksum
726                        ;----------------------------------------------------------------------------
727                        ;  disable_protect - Software data Protection routine
728                        ;  Note: upper address lines swapped
729                        ;----------------------------------------------------------------------------
730    
731       P:002043 44F400            move              #>$AA,x0                ;Atmel needs $AA
                   0000AA
732       P:002045 077084            move              x0,p:$D09555            ;at address $5555
                   D09555
733       P:002047 44F400            move              #>$55,x0                ;then $55
                   000055
734       P:002049 077084            move              x0,p:$D068AA            ;at address $2AAA
                   D068AA
735       P:00204B 44F400            move              #>$A0,x0                ;then $A0
                   0000A0
736       P:00204D 077084            move              x0,p:$D09555            ;at address $5555
Freescale Semiconductor DSP56300 Assembler  Version 6.3.28   11-01-28  15:24:53  FWupdate.asm  Page 4



                   D09555
737                                                                            ;--- writes are now enabled
738    
739       P:00204F 065490            dor     #84,move_pcode                    ;move 252 bytes
                   000008
740       P:002051 07D88E            move              p:(r0)+,a               ;get 3 byte word
741       P:002052 200018            add     a,b                               ;accumulate checksum
742       P:002053 075A8C            move              a1,p:(r2)+              ;move low byte to flash
743       P:002054 0C1ED0            lsr     #8,a
**** 744 [FWupdate.asm 144]: WARNING --- Pipeline stall reading register written in previous instruction (X data move field)
744       P:002055 075A8C            move              a1,p:(r2)+              ;move mid byte
745       P:002056 0C1ED0            lsr     #8,a
**** 746 [FWupdate.asm 146]: WARNING --- Pipeline stall reading register written in previous instruction (X data move field)
746       P:002057 075A8C            move              a1,p:(r2)+              ;move high byte
747                        move_pcode
748    
749                                                                            ;*** 253rd and 254th bytes are 16-bit checksum
750       P:002058 075A8D            move              b1,p:(r2)+              ;move low byte of checksum to flash
751       P:002059 0C1ED1            lsr     #8,b                              ;get next 8 bits of checksum
**** 752 [FWupdate.asm 152]: WARNING --- Pipeline stall reading register written in previous instruction (X data move field)
752       P:00205A 075A8D            move              b1,p:(r2)+              ;move mid byte of checksum to flash
753       P:00205B 20001B            clr     b                                 ;The last two bytes are 0
**** 754 [FWupdate.asm 154]: WARNING --- Pipeline stall reading register B written in previous instruction (X data move field)
**** 754 [FWupdate.asm 154]: WARNING --- Pipeline stall reading register written in previous instruction (X data move field)
754       P:00205C 075A8D            move              b1,p:(r2)+              ;to make up 256.
755       P:00205D 075A8D            move              b1,p:(r2)+
756       P:00205E 050840            bsr     <delay_20m                        ;wait 20 milliseconds to finish
757                                                                            ;...program cycle
758       P:00205F 00000C            rts
759    
760                        ;************************************************************************
761                        ;   WRY_FLASH
762                        ;   This routine writes one 256-byte FLASH sector.
763                        ;   Each sector will contain 84 (24-bit) words from DSP RAM (252 bytes)
764                        ;   The last 4 bytes contain a 16-bit checksum of the data
765                        ;   followed by two blank bytes.
766                        ;
767                        ;   enter with:  r2 pointing to starting PEROM Byte Address from 56309 p.o.v.
768                        ;                r0 pointing to first DSP word to save
769                        ;
770                        ;   corrupts:    r0 - points to next Y:memory location to save
771                        ;                r2 - points to next P:FLASH byte address to write
772                        ;                a,b,x0
773                        ;-----------------------------------------------------------------------------
774    
775                        WRY_FLASH
776       P:002060 20001B            clr     b                                 ;initialize checksum
777                        ;----------------------------------------------------------------------------
778                        ;  disable_protect - Software data Protection routine
779                        ;  Note: upper address lines swapped
780                        ;----------------------------------------------------------------------------
Freescale Semiconductor DSP56300 Assembler  Version 6.3.28   11-01-28  15:24:53  FWupdate.asm  Page 5



781    
782       P:002061 44F400            move              #>$AA,x0                ;Atmel needs $AA
                   0000AA
783       P:002063 077084            move              x0,p:$D09555            ;at address $5555
                   D09555
784       P:002065 44F400            move              #>$55,x0                ;then $55
                   000055
785       P:002067 077084            move              x0,p:$D068AA            ;at address $2AAA
                   D068AA
786       P:002069 44F400            move              #>$A0,x0                ;then $A0
                   0000A0
787       P:00206B 077084            move              x0,p:$D09555            ;at address $5555
                   D09555
788                                                                            ;--- writes are now enabled
789    
790       P:00206D 065490            dor     #84,move_ycode                    ;move 252 bytes
                   000008
791       P:00206F 5ED800            move                          y:(r0)+,a   ;get 3 byte word
792       P:002070 200018            add     a,b                               ;accumulate checksum
793       P:002071 075A8C            move              a1,p:(r2)+              ;move low byte to flash
794       P:002072 0C1ED0            lsr     #8,a
**** 795 [FWupdate.asm 195]: WARNING --- Pipeline stall reading register written in previous instruction (X data move field)
795       P:002073 075A8C            move              a1,p:(r2)+              ;move mid byte
796       P:002074 0C1ED0            lsr     #8,a
**** 797 [FWupdate.asm 197]: WARNING --- Pipeline stall reading register written in previous instruction (X data move field)
797       P:002075 075A8C            move              a1,p:(r2)+              ;move high byte
798                        move_ycode
799    
800                                                                            ;*** 253rd and 254th bytes are 16-bit checksum
801       P:002076 075A8D            move              b1,p:(r2)+              ;move low byte of checksum to flash
802       P:002077 0C1ED1            lsr     #8,b                              ;get next 8 bits of checksum
**** 803 [FWupdate.asm 203]: WARNING --- Pipeline stall reading register written in previous instruction (X data move field)
803       P:002078 075A8D            move              b1,p:(r2)+              ;move mid byte of checksum to flash
804       P:002079 20001B            clr     b                                 ;The last two bytes are 0
**** 805 [FWupdate.asm 205]: WARNING --- Pipeline stall reading register B written in previous instruction (X data move field)
**** 805 [FWupdate.asm 205]: WARNING --- Pipeline stall reading register written in previous instruction (X data move field)
805       P:00207A 075A8D            move              b1,p:(r2)+              ;to make up 256.
806       P:00207B 075A8D            move              b1,p:(r2)+
807       P:00207C 050802            bsr     <delay_20m                        ;wait 20 milliseconds to finish
808                                                                            ;...program cycle
809       P:00207D 00000C            rts
810    
811                        ;---------------------------------------------------------------------------
812                        ; delay_20m --
813                        ; 20.15 ms of delay guarantees that the write cycle has finished.
814                        ;
815                        ; For Write Pulse Width High to extend 150 us requires a minimum of
816                        ; 5100 Icycles for a 33.868 MHz clock.  (29.5 ns/Icycle)
817                        ;
818                        ; the tWC is 20ms, so we just wait long enough here for the
819                        ; write cycle to have started AND finished...
Freescale Semiconductor DSP56300 Assembler  Version 6.3.28   11-01-28  15:24:53  FWupdate.asm  Page 6



820                        ;
821                        ;---------------------------------------------------------------------------
822                        delay_20m
823       P:00207E 066E90            dor     #110,_l1                          ;110 x 207us = 22.7 ms
                   000006
824       P:002080 44F400            move              #21000,x0
                   005208
825       P:002082 06C420            rep     x0                                ; 207us delay
826       P:002083 000000            nop
827       P:002084 000000            nop
828                        _l1
829       P:002085 00000C            rts
830    
831                        ;**************************************************************************
832                        ;  this is the bootstrap loader
833                        ;  it is loaded into the P:memory at boot time.
834                        ;  After reset the external EEPROM appears as byte wide mem at P:D00000
835                        ;  This bootloader moves the user's code into 56309 pram beginning at p:0
836                        ;  and data into the X data mem beginning at x:0
837                        ;
838                        ;
839    
840                        BOOT
841       P:002086                   dc      BOOT_END-BOOT                     ;storage for size of boot
842       P:002087                   dc      bootgo                            ;storage for address of boot
843                        bootgo
844    
845                        ;----------------------------------------------------------------------------
846                        ;The following code moves the user's code and data from the flash to P:RAM.
847                        ; and X ram.
848                        ;   The users code starts in the 3rd sector of the FLASH at P:$D00200
849                        ;----------------------------------------------------------------------------
850    
851                        ; Firstly set up and do Pmem
852    
853       P:002088 00F3B8  load      and     #$f3,mr                           ;Clear scaling mode bits
854       P:002089 08F4BD            movep             #$0F0001,x:A_PCTL       ;PLL = 2 x 50MHz = 100MHz
                   0F0001
855       P:00208B 08F4B9            movep             #$010421,x:A_AAR0       ;Set up SRAM address Y:010000
                   010421
856       P:00208D 08F4B8            movep             #$D00409,x:A_AAR1       ;Set up flash space to be mapped from P:$D00000
                   D00409
857       P:00208F 08F4B7            movep             #$010811,x:A_AAR2       ;Set up AA2 address X:010000
                   010811
858       P:002091 08F4B6            movep             #$020811,x:A_AAR3       ;Set up AA3 address X:020000
                   020811
859       P:002093 08F4BB            movep             #$0FFFE1,x:A_BCR        ;Set up wait states
                   0FFFE1
860       P:002095 08F4BF            movep             #0,X:A_IPRC
                   000000
861       P:002097 08F4BE            movep             #0,X:A_IPRP
Freescale Semiconductor DSP56300 Assembler  Version 6.3.28   11-01-28  15:24:53  FWupdate.asm  Page 7



                   000000
862       P:002099 0500BB            movec             #0,SP                   ;clear stack pointer
863       P:00209A 0500B1            move              #0,SC                   ;clear stack counter
864       P:00209B 08F484            movep             #$0001,X:A_HPCR         ;Set up portB "Host port"
                   000001
865       P:00209D 08F488            movep             #$EFFF,X:A_HDDR         ;
                   00EFFF
866       P:00209F 08F489            movep             #$0600,X:A_HDR          ;Default port setting
                   000600
867       P:0020A1 07F093            move              p:PNUM_SEC,r3           ; number of sectors to read
                   0020CC
868       P:0020A3 61F400            move              #$D00200,r1             ; user's code is in FLASH at $D00200
                   D00200
869       P:0020A5 300000            move              #0,r0                   ;start address of mem
870       P:0020A6 06D300            do      r3,psector_loop                   ; get all sectors
                   0020B5
871       P:0020A8 065480            do      #84,pword_loop                    ; 84 words per FLASH sector
                   0020B0
872       P:0020AA 060380            do      #3,pbyte_loop                     ; each word requires 3 bytes
                   0020AE
873       P:0020AC 07D98A            movem             p:(r1)+,a2              ; Load byte from flash.
874       P:0020AD 0C1C10            asr     #8,a,a                            ; Shift 8 times to move byte into
875       P:0020AE 000000            nop                                       ; correct position.
876                        pbyte_loop
877    
878       P:0020AF 07588C            movem             a1,p:(r0)+              ; Stores 24-bit word into P mem
879       P:0020B0 000000            nop                                       ; dummy NOP to avoid do loop restrict.
880                        pword_loop
881       P:0020B1 205900            move              (r1)+                   ;Checksum and two extra
882       P:0020B2 205900            move              (r1)+                   ;bytes, (84x3)+4=256
883       P:0020B3 205900            move              (r1)+
884       P:0020B4 205900            move              (r1)+
885       P:0020B5 000000            nop
886                        psector_loop
887    
888                        ; now do the Xmem
889    
890       P:0020B6 07F093            move              p:XNUM_SEC,r3           ; number of sectors to read
                   0020CD
891    
892       P:0020B8 60F400            move              #$400,r0                ;start address of x mem space
                   000400
893       P:0020BA 06D300            do      r3,xsector_loop                   ; get all sectors
                   0020C9
894       P:0020BC 065480            do      #84,xword_loop                    ; 84 words per FLASH sector
                   0020C4
895       P:0020BE 060380            do      #3,xbyte_loop                     ; each word requires 3 bytes
                   0020C2
896       P:0020C0 07D98A            movem             p:(r1)+,a2              ; Load byte from flash.
897       P:0020C1 0C1C10            asr     #8,a,a                            ; Shift 8 times to move byte into
898       P:0020C2 000000            nop                                       ; correct position.
Freescale Semiconductor DSP56300 Assembler  Version 6.3.28   11-01-28  15:24:53  FWupdate.asm  Page 8



899                        xbyte_loop
900    
901       P:0020C3 545800            move              a1,x:(r0)+              ; Stores 24-bit word into X mem
902       P:0020C4 000000            nop                                       ; dummy NOP to avoid do loop restrict.
903                        xword_loop
904       P:0020C5 205900            move              (r1)+                   ;Checksum and two extra
905       P:0020C6 205900            move              (r1)+                   ;bytes, (84x3)+4=256
906       P:0020C7 205900            move              (r1)+
907       P:0020C8 205900            move              (r1)+
908       P:0020C9 000000            nop
909                        xsector_loop
910       P:0020CA 000000            nop
911    
912                        ;now jump to program start
913    
914       P:0020CB 0C0000            jmp     $0                                ; Jump to the user's code
915    
916                        ;----------------------------------------------------------------------------
917    
918       P:0020CC         PNUM_SEC  ds      1                                 ; number of Program sectors saved
919       P:0020CD         XNUM_SEC  ds      1                                 ; number of X data sectors saved
920    
921       0020CE           BOOT_END  equ     *

0    Errors
10   Warnings


