Freescale Semiconductor DSP56300 Assembler  Version 6.3.28   19-10-17  08:15:42  FWupdate12.asm  Page 1



1                          ;**************************************************************************
2                          ;   FWupdate12.ASM - routine to update firmware in flash
3                          ;
4                          ;       Robin Dykstra
5                          ;        1/2019 : version 1.1 For 56309 and ATMEL AT29LV020
6                          ;       Raschid Tamrzadeh
7                          ;   10/2019 : version 1.2 For 56309 and 56321 and ATMEL AT29LV020
8                          ;                         100% functional compatibility, added nop to detect new Version by binary compar
ison
9                          ;
10                         ;
11                         ;   Load *.P into Y:$30000
12                         ;   Load *.x into Y:$32000
13                         ;   Load program FWupdate12.p into P:$2000 then execute
14                         ;
15                         ;
16                         ;**************************************************************************
622                        ;*************************************************************************
623    
624       P:002000                   org     p:$002000
625    
626       P:002000 605E00            move              r0,x:(r6)+              ;Save registers
627       P:002001 615E00            move              r1,x:(r6)+
628       P:002002 625E00            move              r2,x:(r6)+
629       P:002003 635E00            move              r3,x:(r6)+
630       P:002004 445E00            move              x0,x:(r6)+
631       P:002005 505E00            move              a0,x:(r6)+
632       P:002006 545E00            move              a1,x:(r6)+
633       P:002007 525E00            move              a2,x:(r6)+
634       P:002008 515E00            move              b0,x:(r6)+
635       P:002009 555E00            move              b1,x:(r6)+
636       P:00200A 535E00            move              b2,x:(r6)+
637    
638                        ;----- compute the number of program mem sectors to write/read
639    
640       P:00200B 60F400            move              #$2000,r0               ; Size of program space to load into flash
                   002000
641       P:00200D 61F400            move              #$1000,r1               ; size of x space to load into flash
                   001000
642       P:00200F 000000            nop                                       ; Added in version 1.2 to change the binary compositi
on of this program
643       P:002010 44F400            move              #>84,x0
                   000054
644       P:002012 220E1B            clr     b         r0,a
645                        _cmppsec
646       P:002013 000009            inc     b
647       P:002014 200044            sub     x0,a
648       P:002015 0577DE            bgt     _cmppsec
649       P:002016 077089            move              b0,p:PNUM_SEC
                   0020CF
650    
Freescale Semiconductor DSP56300 Assembler  Version 6.3.28   19-10-17  08:15:42  FWupdate12.asm  Page 2



651                        ;----- compute the number of x data mem sectors to write/read
652    
653       P:002018 44F400            move              #>84,x0
                   000054
654       P:00201A 222E1B            clr     b         r1,a
655                        _cmpxsec
656       P:00201B 000009            inc     b
657       P:00201C 200044            sub     x0,a
658       P:00201D 0577DE            bgt     _cmpxsec
659       P:00201E 077089            move              b0,p:XNUM_SEC
                   0020D0
660    
661                        ;-------------------------------------------------------------------------
662                        ;  Initialize the loader code with the size of the user's code and
663                        ;  the address of the user's code.   Then write the loader routine
664                        ;  into the boot sector (the 1st 256-bytes) of the FLASH.
665                        ;-----
666       P:002020 60F400            move              #BOOT,r0                ; first DSP address to save
                   002087
667       P:002022 62F400            move              #$D00000,r2             ; first address of FLASH
                   D00000
668       P:002024 05081F            bsr     <WRP_FLASH                        ; put boot sector in flash
669                        ;--- boot sector written
670    
671                        ;-------------------------------------------------------------------------
672                        ;  write the program mem code into the FLASH.
673                        ;-----
674       P:002025 62F400            move              #$D00200,r2             ; user's code begins at flash address $200
                   D00200
675       P:002027 60F400            move              #$30000,r0              ; start of memory (stored in external ram)
                   030000
676       P:002029 07F093            move              p:PNUM_SEC,r3           ; the number of sectors to write
                   0020CF
677    
678       P:00202B 06D310            dor     r3,_wrpsec
                   000003
679       P:00202D 050854            bsr     <WRY_FLASH                        ; WRP_FLASH loads 84 words each time
680       P:00202E 000000            nop
681                        _wrpsec
682    
683    
684                        ;----- user code written
685    
686                        ;-------------------------------------------------------------------------
687                        ;  write the x mem data into the FLASH.
688                        ;-----
689       P:00202F 60F400            move              #$32000,r0              ; start of x data
                   032000
690       P:002031 07F093            move              p:XNUM_SEC,r3           ; the number of sectors to write
                   0020D0
691    
Freescale Semiconductor DSP56300 Assembler  Version 6.3.28   19-10-17  08:15:42  FWupdate12.asm  Page 3



692       P:002033 06D310            dor     r3,_wrxsec
                   000003
693       P:002035 05084C            bsr     <WRY_FLASH                        ; WRY_FLASH loads 84 words each time
694       P:002036 000000            nop
695                        _wrxsec
696    
697    
698                        ;----- user code and data written
699    
700       P:002037 53FE00            move              x:-(r6),b2              ; Restore registers
701       P:002038 55FE00            move              x:-(r6),b1
702       P:002039 51FE00            move              x:-(r6),b0
703       P:00203A 52FE00            move              x:-(r6),a2
704       P:00203B 54FE00            move              x:-(r6),a1
705       P:00203C 50FE00            move              x:-(r6),a0
706       P:00203D 44FE00            move              x:-(r6),x0
707       P:00203E 63FE00            move              x:-(r6),r3
708       P:00203F 62FE00            move              x:-(r6),r2
709       P:002040 61FE00            move              x:-(r6),r1
710       P:002041 60FE00            move              x:-(r6),r0
711       P:002042 00000C            rts
712    
713                        ;************************************************************************
714                        ;   WRP_FLASH
715                        ;   This routine writes one 256-byte FLASH sector.
716                        ;   Each sector will contain 84 (24-bit) words from DSP RAM (252 bytes)
717                        ;   The last 4 bytes contain a 16-bit checksum of the data
718                        ;   followed by two blank bytes.
719                        ;
720                        ;   enter with:  r2 pointing to starting PEROM Byte Address from 56309 p.o.v.
721                        ;                r0 pointing to first DSP word to save
722                        ;
723                        ;   corrupts:    r0 - points to next P:memory location to save
724                        ;                r2 - points to next P:FLASH byte address to write
725                        ;                a,b,x0
726                        ;-----------------------------------------------------------------------------
727    
728                        WRP_FLASH
729       P:002043 20001B            clr     b                                 ;initialize checksum
730                        ;----------------------------------------------------------------------------
731                        ;  disable_protect - Software data Protection routine
732                        ;  Note: upper address lines swapped
733                        ;----------------------------------------------------------------------------
734    
735       P:002044 44F400            move              #>$AA,x0                ;Atmel needs $AA
                   0000AA
736       P:002046 077084            move              x0,p:$D09555            ;at address $5555
                   D09555
737       P:002048 44F400            move              #>$55,x0                ;then $55
                   000055
738       P:00204A 077084            move              x0,p:$D068AA            ;at address $2AAA
Freescale Semiconductor DSP56300 Assembler  Version 6.3.28   19-10-17  08:15:42  FWupdate12.asm  Page 4



                   D068AA
739       P:00204C 44F400            move              #>$A0,x0                ;then $A0
                   0000A0
740       P:00204E 077084            move              x0,p:$D09555            ;at address $5555
                   D09555
741                                                                            ;--- writes are now enabled
742    
743       P:002050 065490            dor     #84,move_pcode                    ;move 252 bytes
                   000008
744       P:002052 07D88E            move              p:(r0)+,a               ;get 3 byte word
745       P:002053 200018            add     a,b                               ;accumulate checksum
746       P:002054 075A8C            move              a1,p:(r2)+              ;move low byte to flash
747       P:002055 0C1ED0            lsr     #8,a
**** 748 [FWupdate12.asm 146]: WARNING --- Pipeline stall reading register written in previous instruction (X data move field)
748       P:002056 075A8C            move              a1,p:(r2)+              ;move mid byte
749       P:002057 0C1ED0            lsr     #8,a
**** 750 [FWupdate12.asm 148]: WARNING --- Pipeline stall reading register written in previous instruction (X data move field)
750       P:002058 075A8C            move              a1,p:(r2)+              ;move high byte
751                        move_pcode
752    
753                                                                            ;*** 253rd and 254th bytes are 16-bit checksum
754       P:002059 075A8D            move              b1,p:(r2)+              ;move low byte of checksum to flash
755       P:00205A 0C1ED1            lsr     #8,b                              ;get next 8 bits of checksum
**** 756 [FWupdate12.asm 154]: WARNING --- Pipeline stall reading register written in previous instruction (X data move field)
756       P:00205B 075A8D            move              b1,p:(r2)+              ;move mid byte of checksum to flash
757       P:00205C 20001B            clr     b                                 ;The last two bytes are 0
**** 758 [FWupdate12.asm 156]: WARNING --- Pipeline stall reading register B written in previous instruction (X data move field)
**** 758 [FWupdate12.asm 156]: WARNING --- Pipeline stall reading register written in previous instruction (X data move field)
758       P:00205D 075A8D            move              b1,p:(r2)+              ;to make up 256.
759       P:00205E 075A8D            move              b1,p:(r2)+
760       P:00205F 050840            bsr     <delay_20m                        ;wait 20 milliseconds to finish
761                                                                            ;...program cycle
762       P:002060 00000C            rts
763    
764                        ;************************************************************************
765                        ;   WRY_FLASH
766                        ;   This routine writes one 256-byte FLASH sector.
767                        ;   Each sector will contain 84 (24-bit) words from DSP RAM (252 bytes)
768                        ;   The last 4 bytes contain a 16-bit checksum of the data
769                        ;   followed by two blank bytes.
770                        ;
771                        ;   enter with:  r2 pointing to starting PEROM Byte Address from 56309 p.o.v.
772                        ;                r0 pointing to first DSP word to save
773                        ;
774                        ;   corrupts:    r0 - points to next Y:memory location to save
775                        ;                r2 - points to next P:FLASH byte address to write
776                        ;                a,b,x0
777                        ;-----------------------------------------------------------------------------
778    
779                        WRY_FLASH
780       P:002061 20001B            clr     b                                 ;initialize checksum
Freescale Semiconductor DSP56300 Assembler  Version 6.3.28   19-10-17  08:15:42  FWupdate12.asm  Page 5



781                        ;----------------------------------------------------------------------------
782                        ;  disable_protect - Software data Protection routine
783                        ;  Note: upper address lines swapped
784                        ;----------------------------------------------------------------------------
785    
786       P:002062 44F400            move              #>$AA,x0                ;Atmel needs $AA
                   0000AA
787       P:002064 077084            move              x0,p:$D09555            ;at address $5555
                   D09555
788       P:002066 44F400            move              #>$55,x0                ;then $55
                   000055
789       P:002068 077084            move              x0,p:$D068AA            ;at address $2AAA
                   D068AA
790       P:00206A 44F400            move              #>$A0,x0                ;then $A0
                   0000A0
791       P:00206C 077084            move              x0,p:$D09555            ;at address $5555
                   D09555
792                                                                            ;--- writes are now enabled
793    
794       P:00206E 065490            dor     #84,move_ycode                    ;move 252 bytes
                   000008
795       P:002070 5ED800            move                          y:(r0)+,a   ;get 3 byte word
796       P:002071 200018            add     a,b                               ;accumulate checksum
797       P:002072 075A8C            move              a1,p:(r2)+              ;move low byte to flash
798       P:002073 0C1ED0            lsr     #8,a
**** 799 [FWupdate12.asm 197]: WARNING --- Pipeline stall reading register written in previous instruction (X data move field)
799       P:002074 075A8C            move              a1,p:(r2)+              ;move mid byte
800       P:002075 0C1ED0            lsr     #8,a
**** 801 [FWupdate12.asm 199]: WARNING --- Pipeline stall reading register written in previous instruction (X data move field)
801       P:002076 075A8C            move              a1,p:(r2)+              ;move high byte
802                        move_ycode
803    
804                                                                            ;*** 253rd and 254th bytes are 16-bit checksum
805       P:002077 075A8D            move              b1,p:(r2)+              ;move low byte of checksum to flash
806       P:002078 0C1ED1            lsr     #8,b                              ;get next 8 bits of checksum
**** 807 [FWupdate12.asm 205]: WARNING --- Pipeline stall reading register written in previous instruction (X data move field)
807       P:002079 075A8D            move              b1,p:(r2)+              ;move mid byte of checksum to flash
808       P:00207A 20001B            clr     b                                 ;The last two bytes are 0
**** 809 [FWupdate12.asm 207]: WARNING --- Pipeline stall reading register B written in previous instruction (X data move field)
**** 809 [FWupdate12.asm 207]: WARNING --- Pipeline stall reading register written in previous instruction (X data move field)
809       P:00207B 075A8D            move              b1,p:(r2)+              ;to make up 256.
810       P:00207C 075A8D            move              b1,p:(r2)+
811       P:00207D 050802            bsr     <delay_20m                        ;wait 20 milliseconds to finish
812                                                                            ;...program cycle
813       P:00207E 00000C            rts
814    
815                        ;---------------------------------------------------------------------------
816                        ; delay_20m --
817                        ; 20.15 ms of delay guarantees that the write cycle has finished.
818                        ;
819                        ; For Write Pulse Width High to extend 150 us requires a minimum of
Freescale Semiconductor DSP56300 Assembler  Version 6.3.28   19-10-17  08:15:42  FWupdate12.asm  Page 6



820                        ; 5100 Icycles for a 33.868 MHz clock.  (29.5 ns/Icycle)
821                        ;
822                        ; the tWC is 20ms, so we just wait long enough here for the
823                        ; write cycle to have started AND finished...
824                        ;
825                        ;---------------------------------------------------------------------------
826                        delay_20m
827       P:00207F 066E90            dor     #110,_l1                          ;110 x 207us = 22.7 ms
                   000006
828       P:002081 44F400            move              #21000,x0
                   005208
829       P:002083 06C420            rep     x0                                ; 207us delay
830       P:002084 000000            nop
831       P:002085 000000            nop
832                        _l1
833       P:002086 00000C            rts
834    
835                        ;**************************************************************************
836                        ;  this is the bootstrap loader
837                        ;  it is loaded into the P:memory at boot time.
838                        ;  After reset the external EEPROM appears as byte wide mem at P:D00000
839                        ;  This bootloader moves the user's code into 56309 pram beginning at p:0
840                        ;  and data into the X data mem beginning at x:0
841                        ;
842                        ;
843    
844                        BOOT
845       P:002087                   dc      BOOT_END-BOOT                     ;storage for size of boot
846       P:002088                   dc      bootgo                            ;storage for address of boot
847                        bootgo
848    
849                        ;----------------------------------------------------------------------------
850                        ;The following code moves the user's code and data from the flash to P:RAM.
851                        ; and X ram.
852                        ;   The users code starts in the 3rd sector of the FLASH at P:$D00200
853                        ;----------------------------------------------------------------------------
854    
855                        ; Firstly set up and do Pmem
856    
857       P:002089 00F3B8  load      and     #$f3,mr                           ;Clear scaling mode bits
858       P:00208A 08F490            movep             #$440008,x:DSCR         ;PLL = 50/2 / 2 * 8 = 100MHz
                   440008
859       P:00208C 08F491            movep             #$00001E,x:DCCR
                   00001E
860                                                                            ;bset   #22,omr                                 ;set 
memory switch mode so that X:010000 is free for external use
861       P:00208E 08F4B9            movep             #$030421,x:A_AAR0       ;Set up SRAM address Y:030000
                   030421
862       P:002090 08F4B8            movep             #$D00409,x:A_AAR1       ;Set up flash space to be mapped from P:$E00000
                   D00409
863       P:002092 08F4B7            movep             #$030811,x:A_AAR2       ;Set up AA2 address X:030000
Freescale Semiconductor DSP56300 Assembler  Version 6.3.28   19-10-17  08:15:42  FWupdate12.asm  Page 7



                   030811
864       P:002094 08F4B6            movep             #$020811,x:A_AAR3       ;Set up AA3 address X:020000
                   020811
865       P:002096 08F4BB            movep             #$0FFFE1,x:A_BCR        ;Set up wait states
                   0FFFE1
866       P:002098 08F4BF            movep             #0,X:A_IPRC
                   000000
867       P:00209A 08F4BE            movep             #0,X:A_IPRP
                   000000
868       P:00209C 0500BB            movec             #0,SP                   ;clear stack pointer
869       P:00209D 0500B1            move              #0,SC                   ;clear stack counter
870       P:00209E 08F484            movep             #$0001,X:A_HPCR         ;Set up portB "Host port"
                   000001
871       P:0020A0 08F488            movep             #$EFFF,X:A_HDDR         ;
                   00EFFF
872       P:0020A2 08F489            movep             #$0600,X:A_HDR          ;Default port setting
                   000600
873       P:0020A4 07F093            move              p:PNUM_SEC,r3           ; number of sectors to read
                   0020CF
874       P:0020A6 61F400            move              #$D00200,r1             ; user's code is in FLASH at $D00200
                   D00200
875       P:0020A8 300000            move              #0,r0                   ;start address of mem
876       P:0020A9 06D300            do      r3,psector_loop                   ; get all sectors
                   0020B8
877       P:0020AB 065480            do      #84,pword_loop                    ; 84 words per FLASH sector
                   0020B3
878       P:0020AD 060380            do      #3,pbyte_loop                     ; each word requires 3 bytes
                   0020B1
879       P:0020AF 07D98A            movem             p:(r1)+,a2              ; Load byte from flash.
880       P:0020B0 0C1C10            asr     #8,a,a                            ; Shift 8 times to move byte into
881       P:0020B1 000000            nop                                       ; correct position.
882                        pbyte_loop
883    
884       P:0020B2 07588C            movem             a1,p:(r0)+              ; Stores 24-bit word into P mem
885       P:0020B3 000000            nop                                       ; dummy NOP to avoid do loop restrict.
886                        pword_loop
887       P:0020B4 205900            move              (r1)+                   ;Checksum and two extra
888       P:0020B5 205900            move              (r1)+                   ;bytes, (84x3)+4=256
889       P:0020B6 205900            move              (r1)+
890       P:0020B7 205900            move              (r1)+
891       P:0020B8 000000            nop
892                        psector_loop
893    
894                        ; now do the Xmem
895    
896       P:0020B9 07F093            move              p:XNUM_SEC,r3           ; number of sectors to read
                   0020D0
897    
898       P:0020BB 60F400            move              #$400,r0                ;start address of x mem space
                   000400
899       P:0020BD 06D300            do      r3,xsector_loop                   ; get all sectors
Freescale Semiconductor DSP56300 Assembler  Version 6.3.28   19-10-17  08:15:42  FWupdate12.asm  Page 8



                   0020CC
900       P:0020BF 065480            do      #84,xword_loop                    ; 84 words per FLASH sector
                   0020C7
901       P:0020C1 060380            do      #3,xbyte_loop                     ; each word requires 3 bytes
                   0020C5
902       P:0020C3 07D98A            movem             p:(r1)+,a2              ; Load byte from flash.
903       P:0020C4 0C1C10            asr     #8,a,a                            ; Shift 8 times to move byte into
904       P:0020C5 000000            nop                                       ; correct position.
905                        xbyte_loop
906    
907       P:0020C6 545800            move              a1,x:(r0)+              ; Stores 24-bit word into X mem
908       P:0020C7 000000            nop                                       ; dummy NOP to avoid do loop restrict.
909                        xword_loop
910       P:0020C8 205900            move              (r1)+                   ;Checksum and two extra
911       P:0020C9 205900            move              (r1)+                   ;bytes, (84x3)+4=256
912       P:0020CA 205900            move              (r1)+
913       P:0020CB 205900            move              (r1)+
914       P:0020CC 000000            nop
915                        xsector_loop
916       P:0020CD 000000            nop
917    
918                        ;now jump to program start
919    
920       P:0020CE 0C0000            jmp     $0                                ; Jump to the user's code
921    
922                        ;----------------------------------------------------------------------------
923    
924       P:0020CF         PNUM_SEC  ds      1                                 ; number of Program sectors saved
925       P:0020D0         XNUM_SEC  ds      1                                 ; number of X data sectors saved
926    
927       0020D1           BOOT_END  equ     *

0    Errors
10   Warnings


