Freescale Semiconductor DSP56300 Assembler  Version 6.3.28   20-06-05  10:07:40  reset_new.asm  Page 1



1                          ;*************************************************************
2                          ;Reset
3                          ;For the 56309 DSP/USB board
4                          ;
5                          ;Robin Dykstra
6                          ;19/03/13
7                          ;
8                          ;***************************************************************************
614                        ;***************************************************************************
615    
616       X:000000                   org     x:$0
617    
618       000000           PARAM_BASE equ    *                                 ; Memory for pulse program parameters
619       X:000000         TXW0A     ds      1                                 ; Tx word 0
620       X:000001         TXW0B     ds      1                                 ;
621       X:000002         TXW1A     ds      1                                 ; Tx word 1
622       X:000003         TXW1B     ds      1                                 ;
623       X:000004         TXW2A     ds      1                                 ; Tx word 2
624       X:000005         TXW2B     ds      1                                 ;
625       X:000006         TXW3A     ds      1                                 ; Tx word 3
626       X:000007         TXW3B     ds      1                                 ;
627       X:000008         TXW4A     ds      1                                 ; Tx word 4
628       X:000009         TXW4B     ds      1                                 ;
629       X:00000A         RXFW0     ds      1                                 ; Rx Frequency word 0
630       X:00000B         RXFW1     ds      1                                 ; Rx Frequency word 0
631       X:00000C         RXFW2     ds      1                                 ; Rx Frequency word 0
632       X:00000D         RXFW3     ds      1                                 ; Rx Frequency word 0
633       X:00000E         RXPW0     ds      1                                 ; Rx Phase word 0
634       X:00000F         RXPW1     ds      1                                 ; Rx Phase word 1
635                        Ndatapoints
636       X:000010                   ds      1                                 ; Number of data points to acquire
637       X:000011         T90       ds      1                                 ; 90 Pulse time
638       X:000012         T180      ds      1                                 ; 180 Pulse time
639       X:000013         Techo     ds      1                                 ; Echo time
640       X:000014         TacqD     ds      1                                 ; Aquisition delay
641       X:000015         Tcycle    ds      1                                 ; Recycle delay
642    
643                        ;***************************************************************************
644                        ;
645                        ;       Space for filter coeffs, samples etc
646                        ;
647       Y:000000                   org     y:$0
648    
649       000000           COEFF_BASE equ    *                                 ;Filter coefficients
650    
651                        ;******************************************************************************
652                        ;
653       P:002000                   org     p:$002000                         ;start
654    
655       P:002000 000084            reset
656       P:002001 000000            nop
Freescale Semiconductor DSP56300 Assembler  Version 6.3.28   20-06-05  10:07:40  reset_new.asm  Page 2



657       P:002002 60F400            move              #$a00300,r0             ;reset status reg
                   A00300
658       P:002004 04D0B9            movec             r0,sr
659       P:002005 0AF080            jmp     $ff0000
                   FF0000
660                                                                            ;jmp    $ff004a
661                                                                            ;   move    #$ff004a,r0     ;Put bootstrap address on
to
662                                                                            ;  movec   r0,ssh          ;system stack, then use RT
I
663                                                                            ;nop
664                                                                            ;nop
665       

0    Errors
0    Warnings


