Freescale Semiconductor DSP56300 Assembler  Version 6.3.28   19-05-23  14:43:24  reset.asm  Page 1



1                          ;*************************************************************
2                          ;Reset
3                          ;For the 56309 DSP/USB board
4                          ;
5                          ;Robin Dykstra
6                          ;19/03/13
7                          ;
8                          ;***************************************************************************
612                        ;***************************************************************************
613    
614       X:000000                   org     x:$0
615    
616       000000           PARAM_BASE equ    *                                 ; Memory for pulse program parameters
617       X:000000         TXW0A     ds      1                                 ; Tx word 0
618       X:000001         TXW0B     ds      1                                 ;
619       X:000002         TXW1A     ds      1                                 ; Tx word 1
620       X:000003         TXW1B     ds      1                                 ;
621       X:000004         TXW2A     ds      1                                 ; Tx word 2
622       X:000005         TXW2B     ds      1                                 ;
623       X:000006         TXW3A     ds      1                                 ; Tx word 3
624       X:000007         TXW3B     ds      1                                 ;
625       X:000008         TXW4A     ds      1                                 ; Tx word 4
626       X:000009         TXW4B     ds      1                                 ;
627       X:00000A         RXFW0     ds      1                                 ; Rx Frequency word 0
628       X:00000B         RXFW1     ds      1                                 ; Rx Frequency word 0
629       X:00000C         RXFW2     ds      1                                 ; Rx Frequency word 0
630       X:00000D         RXFW3     ds      1                                 ; Rx Frequency word 0
631       X:00000E         RXPW0     ds      1                                 ; Rx Phase word 0
632       X:00000F         RXPW1     ds      1                                 ; Rx Phase word 1
633                        Ndatapoints
634       X:000010                   ds      1                                 ; Number of data points to acquire
635       X:000011         T90       ds      1                                 ; 90 Pulse time
636       X:000012         T180      ds      1                                 ; 180 Pulse time
637       X:000013         Techo     ds      1                                 ; Echo time
638       X:000014         TacqD     ds      1                                 ; Aquisition delay
639       X:000015         Tcycle    ds      1                                 ; Recycle delay
640    
641                        ;***************************************************************************
642                        ;
643                        ;       Space for filter coeffs, samples etc
644                        ;
645       Y:000000                   org     y:$0
646    
647       000000           COEFF_BASE equ    *                                 ;Filter coefficients
648    
649                        ;******************************************************************************
650                        ;
651       P:002000                   org     p:$002000                         ;start
652    
653       P:002000 000084            reset
654       P:002001 000000            nop
Freescale Semiconductor DSP56300 Assembler  Version 6.3.28   19-05-23  14:43:24  reset.asm  Page 2



655       P:002002 60F400            move              #$a00300,r0             ;reset status reg
                   A00300
656       P:002004 04D0B9            movec             r0,sr
657       P:002005 0AF080            jmp     $ff0000
                   FF0000
658                                                                            ;jmp    $ff004a
659                                                                            ;   move    #$ff004a,r0     ;Put bootstrap address on
to
660                                                                            ;  movec   r0,ssh          ;system stack, then use RT
I
661                                                                            ;nop
662                                                                            ;nop
663       

0    Errors
0    Warnings


